// Jest Snapshot v1, https://goo.gl/fbAQLP

exports[`renders 1`] = `
<DocumentFragment>
  <h5
    class="image-name"
  />
  <img
    class="image"
  />
  <div>
    <button
      class="button like-button"
    >
      Like
    </button>
  </div>
</DocumentFragment>
`;
