// Jest Snapshot v1, https://goo.gl/fbAQLP

exports[`renders 1`] = `
<DocumentFragment>
  <button
    aria-label="do-do-like"
    class="klasunia"
  >
    nazwa
  </button>
</DocumentFragment>
`;
